---
created: "2019-09-18T11:15:46.917456871Z"
creator: insta@0.8.1
source: tests/game_logic/game_field.rs
expression: scores
---
[
    [
        0,
        0,
    ],
    [
        -3,
        0,
    ],
    [
        -3,
        -5,
    ],
    [
        -3,
        -5,
    ],
    [
        -3,
        -6,
    ],
    [
        -5,
        -6,
    ],
    [
        -5,
        -23,
    ],
    [
        -6,
        -23,
    ],
    [
        -6,
        -30,
    ],
    [
        -6,
        -30,
    ],
    [
        -6,
        -67,
    ],
    [
        -6,
        -67,
    ],
    [
        -6,
        -67,
    ],
    [
        -9,
        -67,
    ],
    [
        -9,
        -69,
    ],
    [
        -10,
        -69,
    ],
    [
        -10,
        -69,
    ],
    [
        -10,
        -69,
    ],
    [
        -10,
        -70,
    ],
    [
        -15,
        -70,
    ],
    [
        -15,
        -72,
    ],
    [
        -17,
        -72,
    ],
]
